
> react-kavia@0.1.0 start
> cross-env EDIT_MODE=true webpack serve --config .ve/webpack.config.js --mode development

<i> [webpack-dev-server] Project is running at:
<i> [webpack-dev-server] Loopback: http://localhost:3000/, http://[::1]:3000/
<i> [webpack-dev-server] On Your Network (IPv4): http://172.17.0.2:3000/
<i> [webpack-dev-server] Content not from webpack is served from './public' directory
Injecting EditorRootWrapper import: ../.ve/EditorRootWrapper
asset bundle.js 1.39 MiB [emitted] (name: main)
asset index.html 1.98 KiB [emitted]
runtime modules 27.5 KiB 14 modules
modules by path ./node_modules/ 1.24 MiB 31 modules
modules by path ./src/ 11.2 KiB
  modules by path ./src/*.css 9.06 KiB 4 modules
  modules by path ./src/*.js 2.13 KiB
    ./src/index.js 530 bytes [built] [code generated]
    + 2 modules
modules by path ./.ve/ 15.1 KiB
  modules by path ./.ve/*.js 10.6 KiB
    ./.ve/EditorRootWrapper.js 2.68 KiB [built] [code generated]
    ./.ve/SidePanel.js 7.93 KiB [built] [code generated]
  modules by path ./.ve/*.css 2.93 KiB
    ./.ve/EditorOverlay.css 2.25 KiB [built] [code generated]
    ./node_modules/css-loader/dist/cjs.js!./.ve/EditorOverlay.css 697 bytes [built] [code generated]
  ./.ve/EditorOverlay.jsx 1.58 KiB [built] [code generated]
webpack 5.99.9 compiled successfully in 1174 ms
assets by status 1.98 KiB [cached] 1 asset
assets by path *.js 1.4 MiB
  asset bundle.js 1.4 MiB [emitted] (name: main)
  asset main.0b59e38a297cf3e76f5a.hot-update.js 7.19 KiB [emitted] [immutable] [hmr] (name: main)
asset main.0b59e38a297cf3e76f5a.hot-update.json 28 bytes [emitted] [immutable] [hmr]
Entrypoint main 1.4 MiB = bundle.js 1.4 MiB main.0b59e38a297cf3e76f5a.hot-update.js 7.19 KiB
cached modules 1.26 MiB [cached] 42 modules
runtime modules 27.5 KiB 14 modules
javascript modules 3.31 KiB
  ./src/App.js 1.33 KiB [built] [code generated]
  ./src/GroupLogo.js 1.98 KiB [built] [code generated]
webpack 5.99.9 compiled successfully in 95 ms
assets by status 1.98 KiB [cached] 1 asset
assets by path *.js 1.4 MiB
  asset bundle.js 1.4 MiB [emitted] (name: main)
  asset main.ea4b580b2fc0ee6e2609.hot-update.js 6.59 KiB [emitted] [immutable] [hmr] (name: main)
asset main.ea4b580b2fc0ee6e2609.hot-update.json 28 bytes [emitted] [immutable] [hmr]
Entrypoint main 1.4 MiB = bundle.js 1.4 MiB main.ea4b580b2fc0ee6e2609.hot-update.js 6.59 KiB
cached modules 1.26 MiB [cached] 43 modules
runtime modules 27.5 KiB 14 modules
./node_modules/css-loader/dist/cjs.js!./src/App.css 4.03 KiB [built] [code generated]
webpack 5.99.9 compiled successfully in 52 ms
